// Jest Snapshot v1, https://goo.gl/fbAQLP

exports[`NavBar component should match snapshot 1`] = `[Function]`;
