// Jest Snapshot v1, https://goo.gl/fbAQLP

exports[`Article Page should match snapshot 1`] = `ShallowWrapper {}`;
