// Jest Snapshot v1, https://goo.gl/fbAQLP

exports[`<Rate /> should render rate component 1`] = `ShallowWrapper {}`;
