// Jest Snapshot v1, https://goo.gl/fbAQLP

exports[`<ArticleCard /> renders article 1`] = `undefined`;
