// Jest Snapshot v1, https://goo.gl/fbAQLP

exports[`Notfound component should match snapshot 1`] = `ShallowWrapper {}`;
